\BOOKMARK [1][-]{section.1}{\376\377\000W\000o\000r\000k\000i\000n\000g\000\040\000w\000i\000t\000h\000\040\000d\000i\000g\000r\000a\000p\000h\000s\000\040\000a\000n\000d\000\040\000o\000u\000t\000r\000a\000n\000k\000i\000n\000g\000\040\000d\000i\000g\000r\000a\000p\000h\000s}{}% 1
\BOOKMARK [2][-]{subsection.1.1}{\376\377\000W\000o\000r\000k\000i\000n\000g\000\040\000w\000i\000t\000h\000\040\000t\000h\000e\000\040\000D\000i\000g\000r\000a\000p\000h\0003\000\040\000s\000o\000f\000t\000w\000a\000r\000e\000\040\000r\000e\000s\000o\000u\000r\000c\000e\000s}{section.1}% 2
\BOOKMARK [3][-]{subsubsection*.13}{\376\377\000P\000u\000r\000p\000o\000s\000e}{subsection.1.1}% 3
\BOOKMARK [3][-]{subsubsection*.14}{\376\377\000D\000o\000w\000n\000l\000o\000a\000d\000i\000n\000g\000\040\000o\000f\000\040\000t\000h\000e\000\040\000D\000i\000g\000r\000a\000p\000h\0003\000\040\000r\000e\000s\000o\000u\000r\000c\000e\000s}{subsection.1.1}% 4
\BOOKMARK [3][-]{subsubsection*.15}{\376\377\000S\000t\000a\000r\000t\000i\000n\000g\000\040\000a\000\040\000P\000y\000t\000h\000o\000n\0003\000\040\000t\000e\000r\000m\000i\000n\000a\000l\000\040\000s\000e\000s\000s\000i\000o\000n}{subsection.1.1}% 5
\BOOKMARK [3][-]{subsubsection*.16}{\376\377\000D\000i\000g\000r\000a\000p\000h\000\040\000o\000b\000j\000e\000c\000t\000\040\000s\000t\000r\000u\000c\000t\000u\000r\000e}{subsection.1.1}% 6
\BOOKMARK [3][-]{subsubsection*.17}{\376\377\000P\000e\000r\000m\000a\000n\000e\000n\000t\000\040\000s\000t\000o\000r\000a\000g\000e}{subsection.1.1}% 7
\BOOKMARK [3][-]{subsubsection*.18}{\376\377\000I\000n\000s\000p\000e\000c\000t\000i\000n\000g\000\040\000a\000\040\000D\000i\000g\000r\000a\000p\000h\000\040\000o\000b\000j\000e\000c\000t}{subsection.1.1}% 8
\BOOKMARK [3][-]{subsubsection*.20}{\376\377\000S\000p\000e\000c\000i\000a\000l\000\040\000D\000i\000g\000r\000a\000p\000h\000\040\000i\000n\000s\000t\000a\000n\000c\000e\000s}{subsection.1.1}% 9
\BOOKMARK [2][-]{subsection.1.2}{\376\377\000W\000o\000r\000k\000i\000n\000g\000\040\000w\000i\000t\000h\000\040\000t\000h\000e\000\040\000d\000i\000g\000r\000a\000p\000h\000s\000\040\000m\000o\000d\000u\000l\000e}{section.1}% 10
\BOOKMARK [3][-]{subsubsection*.32}{\376\377\000R\000a\000n\000d\000o\000m\000\040\000d\000i\000g\000r\000a\000p\000h\000s}{subsection.1.2}% 11
\BOOKMARK [3][-]{subsubsection*.33}{\376\377\000G\000r\000a\000p\000h\000v\000i\000z\000\040\000d\000r\000a\000w\000i\000n\000g\000s}{subsection.1.2}% 12
\BOOKMARK [3][-]{subsubsection*.34}{\376\377\000A\000s\000y\000m\000m\000e\000t\000r\000i\000c\000a\000l\000\040\000a\000n\000d\000\040\000s\000y\000m\000m\000e\000t\000r\000i\000c\000a\000l\000\040\000p\000a\000r\000t\000s}{subsection.1.2}% 13
\BOOKMARK [3][-]{subsubsection*.35}{\376\377\000B\000o\000r\000d\000e\000r\000\040\000a\000n\000d\000\040\000i\000n\000n\000e\000r\000\040\000p\000a\000r\000t\000s}{subsection.1.2}% 14
\BOOKMARK [3][-]{subsubsection*.37}{\376\377\000F\000u\000s\000i\000o\000n\000\040\000b\000y\000\040\000e\000p\000i\000s\000t\000e\000m\000i\000c\000\040\000d\000i\000s\000j\000u\000n\000c\000t\000i\000o\000n}{subsection.1.2}% 15
\BOOKMARK [3][-]{subsubsection*.38}{\376\377\000D\000u\000a\000l\000,\000\040\000c\000o\000n\000v\000e\000r\000s\000e\000\040\000a\000n\000d\000\040\000c\000o\000d\000u\000a\000l\000\040\000d\000i\000g\000r\000a\000p\000h\000s}{subsection.1.2}% 16
\BOOKMARK [3][-]{subsubsection*.40}{\376\377\000S\000y\000m\000m\000e\000t\000r\000i\000c\000\040\000a\000n\000d\000\040\000t\000r\000a\000n\000s\000i\000t\000i\000v\000e\000\040\000c\000l\000o\000s\000u\000r\000e\000s}{subsection.1.2}% 17
\BOOKMARK [3][-]{subsubsection*.42}{\376\377\000S\000t\000r\000o\000n\000g\000\040\000c\000o\000m\000p\000o\000n\000e\000n\000t\000s}{subsection.1.2}% 18
\BOOKMARK [3][-]{subsubsection*.43}{\376\377\000C\000S\000V\000\040\000s\000t\000o\000r\000a\000g\000e}{subsection.1.2}% 19
\BOOKMARK [3][-]{subsubsection*.44}{\376\377\000C\000o\000m\000p\000l\000e\000t\000e\000,\000\040\000e\000m\000p\000t\000y\000\040\000a\000n\000d\000\040\000i\000n\000d\000e\000t\000e\000r\000m\000i\000n\000a\000t\000e\000\040\000d\000i\000g\000r\000a\000p\000h\000s}{subsection.1.2}% 20
\BOOKMARK [3][-]{subsubsection*.45}{\376\377\000H\000i\000s\000t\000o\000r\000i\000c\000a\000l\000\040\000n\000o\000t\000e\000s}{subsection.1.2}% 21
\BOOKMARK [2][-]{subsection.1.3}{\376\377\000W\000o\000r\000k\000i\000n\000g\000\040\000w\000i\000t\000h\000\040\000t\000h\000e\000\040\000o\000u\000t\000r\000a\000n\000k\000i\000n\000g\000D\000i\000g\000r\000a\000p\000h\000s\000\040\000m\000o\000d\000u\000l\000e}{section.1}% 22
\BOOKMARK [3][-]{subsubsection*.52}{\376\377\000O\000u\000t\000r\000a\000n\000k\000i\000n\000g\000\040\000d\000i\000g\000r\000a\000p\000h\000\040\000m\000o\000d\000e\000l}{subsection.1.3}% 23
\BOOKMARK [3][-]{subsubsection*.53}{\376\377\000T\000h\000e\000\040\000b\000i\000p\000o\000l\000a\000r\000-\000v\000a\000l\000u\000e\000d\000\040\000o\000u\000t\000r\000a\000n\000k\000i\000n\000g\000\040\000d\000i\000g\000r\000a\000p\000h}{subsection.1.3}% 24
\BOOKMARK [3][-]{subsubsection*.54}{\376\377\000P\000a\000i\000r\000w\000i\000s\000e\000\040\000c\000o\000m\000p\000a\000r\000i\000s\000o\000n\000s}{subsection.1.3}% 25
\BOOKMARK [3][-]{subsubsection*.55}{\376\377\000R\000e\000c\000o\000d\000i\000n\000g\000\040\000t\000h\000e\000\040\000d\000i\000g\000r\000a\000p\000h\000\040\000v\000a\000l\000u\000a\000t\000i\000o\000n}{subsection.1.3}% 26
\BOOKMARK [3][-]{subsubsection*.56}{\376\377\000T\000h\000e\000\040\000s\000t\000r\000i\000c\000t\000\040\000o\000u\000t\000r\000a\000n\000k\000i\000n\000g\000\040\000d\000i\000g\000r\000a\000p\000h}{subsection.1.3}% 27
\BOOKMARK [3][-]{subsubsection*.57}{\376\377\000H\000i\000s\000t\000o\000r\000i\000c\000a\000l\000\040\000N\000o\000t\000e\000s}{subsection.1.3}% 28
\BOOKMARK [1][-]{section.2}{\376\377\000E\000v\000a\000l\000u\000a\000t\000i\000o\000n\000\040\000a\000n\000d\000\040\000d\000e\000c\000i\000s\000i\000o\000n\000\040\000m\000e\000t\000h\000o\000d\000s\000\040\000a\000n\000d\000\040\000t\000o\000o\000l\000s}{}% 29
\BOOKMARK [2][-]{subsection.2.1}{\376\377\000C\000o\000m\000p\000u\000t\000i\000n\000g\000\040\000a\000\040\000b\000e\000s\000t\000\040\000c\000h\000o\000i\000c\000e\000\040\000r\000e\000c\000o\000m\000m\000e\000n\000d\000a\000t\000i\000o\000n}{section.2}% 30
\BOOKMARK [3][-]{subsubsection*.78}{\376\377\000W\000h\000a\000t\000\040\000o\000f\000f\000i\000c\000e\000\040\000l\000o\000c\000a\000t\000i\000o\000n\000\040\000t\000o\000\040\000c\000h\000o\000o\000s\000e\000\040\000?}{subsection.2.1}% 31
\BOOKMARK [3][-]{subsubsection*.80}{\376\377\000T\000h\000e\000\040\000p\000e\000r\000f\000o\000r\000m\000a\000n\000c\000e\000\040\000t\000a\000b\000l\000e\000a\000u}{subsection.2.1}% 32
\BOOKMARK [3][-]{subsubsection*.81}{\376\377\000T\000h\000e\000\040\000o\000u\000t\000r\000a\000n\000k\000i\000n\000g\000\040\000d\000i\000g\000r\000a\000p\000h}{subsection.2.1}% 33
\BOOKMARK [3][-]{subsubsection*.82}{\376\377\000D\000e\000s\000i\000g\000n\000i\000n\000g\000\040\000a\000\040\000b\000e\000s\000t\000\040\000c\000h\000o\000i\000c\000e\000\040\000r\000e\000c\000o\000m\000m\000e\000n\000d\000e\000r\000\040\000s\000y\000s\000t\000e\000m}{subsection.2.1}% 34
\BOOKMARK [3][-]{subsubsection*.83}{\376\377\000C\000o\000m\000p\000u\000t\000i\000n\000g\000\040\000t\000h\000e\000\040\000R\000u\000b\000i\000s\000\040\000c\000h\000o\000i\000c\000e\000\040\000r\000e\000c\000o\000m\000m\000e\000n\000d\000a\000t\000i\000o\000n}{subsection.2.1}% 35
\BOOKMARK [3][-]{subsubsection*.84}{\376\377\000R\000o\000b\000u\000s\000t\000n\000e\000s\000s\000\040\000o\000f\000\040\000t\000h\000e\000\040\000o\000u\000t\000r\000a\000n\000k\000i\000n\000g\000\040\000d\000i\000g\000r\000a\000p\000h}{subsection.2.1}% 36
\BOOKMARK [3][-]{subsubsection*.85}{\376\377\000C\000o\000m\000p\000u\000t\000i\000n\000g\000\040\000t\000h\000e\000\040\000b\000i\000p\000o\000l\000a\000r\000-\000v\000a\000l\000u\000e\000d\000\040\000s\000e\000t\000\040\000o\000f\000\040\000w\000e\000a\000k\000\040\000C\000o\000n\000d\000o\000r\000c\000e\000t\000\040\000w\000i\000n\000n\000e\000r\000s}{subsection.2.1}% 37
\BOOKMARK [3][-]{subsubsection*.86}{\376\377\000P\000a\000r\000t\000i\000a\000l\000l\000y\000\040\000r\000a\000n\000k\000i\000n\000g\000\040\000t\000h\000e\000\040\000o\000u\000t\000r\000a\000n\000k\000i\000n\000g\000\040\000d\000i\000g\000r\000a\000p\000h}{subsection.2.1}% 38
\BOOKMARK [3][-]{subsubsection*.88}{\376\377\000H\000i\000s\000t\000o\000r\000i\000c\000a\000l\000\040\000N\000o\000t\000e\000s}{subsection.2.1}% 39
\BOOKMARK [2][-]{subsection.2.2}{\376\377\000H\000o\000w\000\040\000t\000o\000\040\000c\000r\000e\000a\000t\000e\000\040\000a\000\040\000n\000e\000w\000\040\000p\000e\000r\000f\000o\000r\000m\000a\000n\000c\000e\000\040\000t\000a\000b\000l\000e\000a\000u\000\040\000i\000n\000s\000t\000a\000n\000c\000e}{section.2}% 40
\BOOKMARK [3][-]{subsubsection*.97}{\376\377\000E\000d\000i\000t\000i\000n\000g\000\040\000a\000\040\000t\000e\000m\000p\000l\000a\000t\000e\000\040\000f\000i\000l\000e}{subsection.2.2}% 41
\BOOKMARK [3][-]{subsubsection*.98}{\376\377\000E\000d\000i\000t\000i\000n\000g\000\040\000t\000h\000e\000\040\000d\000e\000c\000i\000s\000i\000o\000n\000\040\000a\000l\000t\000e\000r\000n\000a\000t\000i\000v\000e\000s}{subsection.2.2}% 42
\BOOKMARK [3][-]{subsubsection*.99}{\376\377\000E\000d\000i\000t\000i\000n\000g\000\040\000t\000h\000e\000\040\000d\000e\000c\000i\000s\000i\000o\000n\000\040\000o\000b\000j\000e\000c\000t\000i\000v\000e\000s}{subsection.2.2}% 43
\BOOKMARK [3][-]{subsubsection*.100}{\376\377\000E\000d\000i\000t\000i\000n\000g\000\040\000t\000h\000e\000\040\000f\000a\000m\000i\000l\000y\000\040\000o\000f\000\040\000p\000e\000r\000f\000o\000r\000m\000a\000n\000c\000e\000\040\000c\000r\000i\000t\000e\000r\000i\000a}{subsection.2.2}% 44
\BOOKMARK [3][-]{subsubsection*.101}{\376\377\000E\000d\000i\000t\000i\000n\000g\000\040\000t\000h\000e\000\040\000p\000e\000r\000f\000o\000r\000m\000a\000n\000c\000e\000\040\000t\000a\000b\000l\000e}{subsection.2.2}% 45
\BOOKMARK [3][-]{subsubsection*.102}{\376\377\000I\000n\000s\000p\000e\000c\000t\000i\000n\000g\000\040\000t\000h\000e\000\040\000t\000e\000m\000p\000l\000a\000t\000e\000\040\000o\000u\000t\000r\000a\000n\000k\000i\000n\000g\000\040\000r\000e\000l\000a\000t\000i\000o\000n}{subsection.2.2}% 46
\BOOKMARK [3][-]{subsubsection*.103}{\376\377\000R\000a\000n\000k\000i\000n\000g\000\040\000t\000h\000e\000\040\000t\000e\000m\000p\000l\000a\000t\000e\000\040\000p\000e\000f\000o\000r\000m\000a\000n\000c\000e\000\040\000t\000a\000b\000l\000e\000a\000u}{subsection.2.2}% 47
\BOOKMARK [2][-]{subsection.2.3}{\376\377\000G\000e\000n\000e\000r\000a\000t\000i\000n\000g\000\040\000r\000a\000n\000d\000o\000m\000\040\000p\000e\000r\000f\000o\000r\000m\000a\000n\000c\000e\000\040\000t\000a\000b\000l\000e\000a\000u\000x\000\040\000w\000i\000t\000h\000\040\000t\000h\000e\000\040\000r\000a\000n\000d\000P\000e\000r\000f\000T\000a\000b\000s\000\040\000m\000o\000d\000u\000l\000e}{section.2}% 48
\BOOKMARK [3][-]{subsubsection*.110}{\376\377\000I\000n\000t\000r\000o\000d\000u\000c\000t\000i\000o\000n}{subsection.2.3}% 49
\BOOKMARK [3][-]{subsubsection*.111}{\376\377\000R\000a\000n\000d\000o\000m\000\040\000s\000t\000a\000n\000d\000a\000r\000d\000\040\000p\000e\000r\000f\000o\000r\000m\000a\000n\000c\000e\000\040\000t\000a\000b\000l\000e\000a\000u\000x}{subsection.2.3}% 50
\BOOKMARK [3][-]{subsubsection*.112}{\376\377\000R\000a\000n\000d\000o\000m\000\040\000C\000o\000s\000t\000-\000B\000e\000n\000e\000f\000i\000t\000\040\000p\000e\000r\000f\000o\000r\000m\000a\000n\000c\000e\000\040\000t\000a\000b\000l\000e\000a\000u\000x}{subsection.2.3}% 51
\BOOKMARK [3][-]{subsubsection*.113}{\376\377\000R\000a\000n\000d\000o\000m\000\040\000t\000h\000r\000e\000e\000\040\000o\000b\000j\000e\000c\000t\000i\000v\000e\000s\000\040\000p\000e\000r\000f\000o\000r\000m\000a\000n\000c\000e\000\040\000t\000a\000b\000l\000e\000a\000u\000x}{subsection.2.3}% 52
\BOOKMARK [3][-]{subsubsection*.114}{\376\377\000R\000a\000n\000d\000o\000m\000\040\000a\000c\000a\000d\000e\000m\000i\000c\000\040\000p\000e\000r\000f\000o\000r\000m\000a\000n\000c\000e\000\040\000t\000a\000b\000l\000e\000a\000u\000x}{subsection.2.3}% 53
\BOOKMARK [3][-]{subsubsection*.115}{\376\377\000R\000a\000n\000d\000o\000m\000\040\000l\000i\000n\000e\000a\000r\000l\000y\000\040\000r\000a\000n\000k\000e\000d\000\040\000p\000e\000r\000f\000o\000r\000m\000a\000n\000c\000e\000\040\000t\000a\000b\000l\000e\000a\000u\000x}{subsection.2.3}% 54
\BOOKMARK [2][-]{subsection.2.4}{\376\377\000L\000i\000n\000e\000a\000r\000l\000y\000\040\000r\000a\000n\000k\000i\000n\000g\000\040\000w\000i\000t\000h\000\040\000m\000u\000l\000t\000i\000p\000l\000e\000\040\000i\000n\000c\000o\000m\000m\000e\000n\000s\000u\000r\000a\000b\000l\000e\000\040\000c\000r\000i\000t\000e\000r\000i\000a}{section.2}% 55
\BOOKMARK [3][-]{subsubsection*.125}{\376\377\000T\000h\000e\000\040\000r\000a\000n\000k\000i\000n\000g\000\040\000p\000r\000o\000b\000l\000e\000m}{subsection.2.4}% 56
\BOOKMARK [3][-]{subsubsection*.126}{\376\377\000T\000h\000e\000\040\000C\000o\000p\000e\000l\000a\000n\000d\000\040\000r\000a\000n\000k\000i\000n\000g}{subsection.2.4}% 57
\BOOKMARK [3][-]{subsubsection*.128}{\376\377\000T\000h\000e\000\040\000p\000o\000l\000a\000r\000i\000s\000e\000d\000\040\000B\000a\000c\000h\000e\000t\000\040\000r\000a\000n\000k\000i\000n\000g}{subsection.2.4}% 58
\BOOKMARK [3][-]{subsubsection*.130}{\376\377\000T\000h\000e\000\040\000N\000e\000t\000F\000l\000o\000w\000s\000\040\000r\000a\000n\000k\000i\000n\000g}{subsection.2.4}% 59
\BOOKMARK [3][-]{subsubsection*.131}{\376\377\000T\000h\000e\000\040\000v\000a\000l\000u\000e\000d\000\040\000B\000a\000c\000h\000e\000t\000\040\000r\000a\000n\000k\000i\000n\000g}{subsection.2.4}% 60
\BOOKMARK [3][-]{subsubsection*.132}{\376\377\000O\000p\000t\000i\000m\000a\000l\000\040\000K\000e\000m\000e\000n\000y\000\040\000r\000a\000n\000k\000i\000n\000g\000s}{subsection.2.4}% 61
\BOOKMARK [3][-]{subsubsection*.133}{\376\377\000O\000p\000t\000i\000m\000a\000l\000\040\000S\000l\000a\000t\000e\000r\000\040\000r\000a\000n\000k\000i\000n\000g\000s}{subsection.2.4}% 62
\BOOKMARK [3][-]{subsubsection*.134}{\376\377\000K\000o\000h\000l\000e\000r\040\031\000s\000\040\000r\000a\000n\000k\000i\000n\000g\000-\000b\000y\000-\000c\000h\000o\000o\000s\000i\000n\000g\000\040\000r\000u\000l\000e}{subsection.2.4}% 63
\BOOKMARK [3][-]{subsubsection*.135}{\376\377\000T\000i\000d\000e\000m\000a\000n\040\031\000s\000\040\000r\000a\000n\000k\000e\000d\000-\000p\000a\000i\000r\000s\000\040\000r\000u\000l\000e}{subsection.2.4}% 64
\BOOKMARK [2][-]{subsection.2.5}{\376\377\000O\000n\000\040\000p\000a\000r\000t\000i\000a\000l\000l\000y\000\040\000r\000a\000n\000k\000i\000n\000g\000\040\000o\000u\000t\000r\000a\000n\000k\000i\000n\000g\000\040\000d\000i\000g\000r\000a\000p\000h\000s}{section.2}% 65
\BOOKMARK [3][-]{subsubsection*.140}{\376\377\000C\000o\000m\000p\000u\000t\000i\000n\000g\000\040\000a\000\040\000r\000a\000n\000k\000i\000n\000g\000\040\000c\000o\000n\000s\000e\000n\000s\000u\000s\000\040\000f\000r\000o\000m\000\040\000s\000e\000v\000e\000r\000a\000l\000\040\000l\000i\000n\000e\000a\000r\000\040\000r\000a\000n\000k\000i\000n\000g\000s}{subsection.2.5}% 66
\BOOKMARK [3][-]{subsubsection*.142}{\376\377\000O\000n\000\040\000p\000a\000r\000t\000i\000a\000l\000l\000y\000\040\000r\000a\000n\000k\000i\000n\000g\000\040\000w\000i\000t\000h\000\040\000t\000h\000e\000\040\000B\000a\000c\000h\000e\000t\000\040\000r\000u\000l\000e\000s}{subsection.2.5}% 67
\BOOKMARK [3][-]{subsubsection*.143}{\376\377\000C\000o\000n\000s\000e\000n\000s\000u\000s\000\040\000o\000f\000\040\000i\000t\000e\000r\000a\000t\000e\000d\000\040\000B\000a\000c\000h\000e\000t\000\040\000r\000a\000n\000k\000i\000n\000g\000\040\000a\000n\000d\000\040\000o\000r\000d\000e\000r\000i\000n\000g\000\040\000b\000y\000\040\000c\000h\000o\000o\000s\000i\000n\000g}{subsection.2.5}% 68
\BOOKMARK [3][-]{subsubsection*.145}{\376\377\000E\000x\000t\000r\000a\000c\000t\000i\000n\000g\000\040\000t\000h\000e\000\040\000t\000r\000a\000n\000s\000i\000t\000i\000v\000e\000\040\000t\000i\000p\000l\000e\000s\000\040\000p\000a\000r\000t\000\040\000o\000f\000\040\000t\000h\000e\000\040\000o\000u\000t\000r\000a\000n\000k\000i\000n\000g\000\040\000d\000i\000g\000r\000a\000p\000h}{subsection.2.5}% 69
\BOOKMARK [2][-]{subsection.2.6}{\376\377\000R\000a\000t\000i\000n\000g\000\040\000i\000n\000t\000o\000\040\000r\000e\000l\000a\000t\000i\000v\000e\000\040\000p\000e\000r\000f\000o\000r\000m\000a\000n\000c\000e\000\040\000q\000u\000a\000n\000t\000i\000l\000e\000s}{section.2}% 70
\BOOKMARK [3][-]{subsubsection*.149}{\376\377\000P\000e\000r\000f\000o\000r\000m\000a\000n\000c\000e\000\040\000q\000u\000a\000n\000t\000i\000l\000e\000\040\000s\000o\000r\000t\000i\000n\000g\000\040\000o\000n\000\040\000a\000\040\000s\000i\000n\000g\000l\000e\000\040\000c\000r\000i\000t\000e\000r\000i\000o\000n}{subsection.2.6}% 71
\BOOKMARK [3][-]{subsubsection*.150}{\376\377\000R\000a\000t\000i\000n\000g\000-\000b\000y\000-\000s\000o\000r\000t\000i\000n\000g\000\040\000i\000n\000t\000o\000\040\000r\000e\000l\000a\000t\000i\000v\000e\000\040\000m\000u\000l\000t\000i\000c\000r\000i\000t\000e\000r\000i\000a\000\040\000p\000e\000r\000f\000o\000r\000m\000a\000n\000c\000e\000\040\000q\000u\000a\000n\000t\000i\000l\000e\000s}{subsection.2.6}% 72
\BOOKMARK [3][-]{subsubsection*.151}{\376\377\000R\000a\000t\000i\000n\000g\000-\000b\000y\000-\000r\000a\000n\000k\000i\000n\000g\000\040\000w\000i\000t\000h\000\040\000r\000e\000l\000a\000t\000i\000v\000e\000\040\000q\000u\000a\000n\000t\000i\000l\000e\000\040\000l\000i\000m\000i\000t\000s}{subsection.2.6}% 73
\BOOKMARK [2][-]{subsection.2.7}{\376\377\000R\000a\000t\000i\000n\000g\000\040\000w\000i\000t\000h\000\040\000l\000e\000a\000r\000n\000e\000d\000\040\000p\000e\000r\000f\000o\000r\000m\000a\000n\000c\000e\000\040\000q\000u\000a\000n\000t\000i\000l\000e\000\040\000n\000o\000r\000m\000s}{section.2}% 74
\BOOKMARK [3][-]{subsubsection*.155}{\376\377\000I\000n\000t\000r\000o\000d\000u\000c\000t\000i\000o\000n}{subsection.2.7}% 75
\BOOKMARK [3][-]{subsubsection*.156}{\376\377\000I\000n\000c\000r\000e\000m\000e\000n\000t\000a\000l\000\040\000l\000e\000a\000r\000n\000i\000n\000g\000\040\000o\000f\000\040\000h\000i\000s\000t\000o\000r\000i\000c\000a\000l\000\040\000p\000e\000r\000f\000o\000r\000m\000a\000n\000c\000e\000\040\000q\000u\000a\000n\000t\000i\000l\000e\000s}{subsection.2.7}% 76
\BOOKMARK [3][-]{subsubsection*.157}{\376\377\000R\000a\000t\000i\000n\000g\000-\000b\000y\000-\000r\000a\000n\000k\000i\000n\000g\000\040\000n\000e\000w\000\040\000p\000e\000r\000f\000o\000r\000m\000a\000n\000c\000e\000s\000\040\000w\000i\000t\000h\000\040\000q\000u\000a\000n\000t\000i\000l\000e\000\040\000n\000o\000r\000m\000s}{subsection.2.7}% 77
\BOOKMARK [2][-]{subsection.2.8}{\376\377\000C\000o\000m\000p\000u\000t\000i\000n\000g\000\040\000t\000h\000e\000\040\000w\000i\000n\000n\000e\000r\000\040\000o\000f\000\040\000a\000\040\000r\000a\000n\000k\000e\000d\000\040\000v\000o\000t\000i\000n\000g\000\040\000e\000l\000e\000c\000t\000i\000o\000n}{section.2}% 78
\BOOKMARK [3][-]{subsubsection*.163}{\376\377\000L\000i\000n\000e\000a\000r\000\040\000v\000o\000t\000i\000n\000g\000\040\000p\000r\000o\000f\000i\000l\000e\000s}{subsection.2.8}% 79
\BOOKMARK [3][-]{subsubsection*.164}{\376\377\000C\000o\000m\000p\000u\000t\000i\000n\000g\000\040\000t\000h\000e\000\040\000w\000i\000n\000n\000e\000r}{subsection.2.8}% 80
\BOOKMARK [3][-]{subsubsection*.165}{\376\377\000T\000h\000e\000\040\000C\000o\000n\000d\000o\000r\000c\000e\000t\000\040\000w\000i\000n\000n\000e\000r}{subsection.2.8}% 81
\BOOKMARK [3][-]{subsubsection*.167}{\376\377\000C\000y\000c\000l\000i\000c\000\040\000s\000o\000c\000i\000a\000l\000\040\000p\000r\000e\000f\000e\000r\000e\000n\000c\000e\000s}{subsection.2.8}% 82
\BOOKMARK [3][-]{subsubsection*.168}{\376\377\000O\000n\000\040\000g\000e\000n\000e\000r\000a\000t\000i\000n\000g\000\040\000r\000e\000a\000l\000i\000s\000t\000i\000c\000\040\000r\000a\000n\000d\000o\000m\000\040\000l\000i\000n\000e\000a\000r\000\040\000v\000o\000t\000i\000n\000g\000\040\000p\000r\000o\000f\000i\000l\000e\000s}{subsection.2.8}% 83
\BOOKMARK [2][-]{subsection.2.9}{\376\377\000O\000n\000\040\000c\000o\000m\000p\000u\000t\000i\000n\000g\000\040\000f\000a\000i\000r\000\040\000i\000n\000t\000e\000r\000g\000r\000o\000u\000p\000\040\000p\000a\000i\000r\000i\000n\000g\000s}{section.2}% 84
\BOOKMARK [3][-]{subsubsection*.179}{\376\377\000T\000h\000e\000\040\000f\000a\000i\000r\000\040\000i\000n\000t\000e\000r\000g\000r\000o\000u\000p\000\040\000p\000a\000i\000r\000i\000n\000g\000\040\000p\000r\000o\000b\000l\000e\000m}{subsection.2.9}% 85
\BOOKMARK [3][-]{subsubsection*.181}{\376\377\000G\000e\000n\000e\000r\000a\000t\000i\000n\000g\000\040\000t\000h\000e\000\040\000s\000e\000t\000\040\000o\000f\000\040\000p\000o\000t\000e\000n\000t\000i\000a\000l\000\040\000m\000a\000x\000i\000m\000a\000l\000\040\000m\000a\000t\000c\000h\000i\000n\000g\000s}{subsection.2.9}% 86
\BOOKMARK [3][-]{subsubsection*.182}{\376\377\000M\000e\000a\000s\000u\000r\000i\000n\000g\000\040\000t\000h\000e\000\040\000f\000i\000t\000n\000e\000s\000s\000\040\000o\000f\000\040\000a\000\040\000m\000a\000t\000c\000h\000i\000n\000g\000\040\000f\000r\000o\000m\000\040\000a\000\040\000p\000e\000r\000s\000o\000n\000a\000l\000\040\000p\000e\000r\000s\000p\000e\000c\000t\000i\000v\000e}{subsection.2.9}% 87
\BOOKMARK [3][-]{subsubsection*.183}{\376\377\000C\000o\000m\000p\000u\000t\000i\000n\000g\000\040\000t\000h\000e\000\040\000f\000a\000i\000r\000e\000s\000t\000\040\000i\000n\000t\000e\000r\000g\000r\000o\000u\000p\000\040\000p\000a\000i\000r\000i\000n\000g}{subsection.2.9}% 88
\BOOKMARK [3][-]{subsubsection*.185}{\376\377\000F\000a\000i\000r\000\040\000v\000e\000r\000s\000u\000s\000\040\000s\000t\000a\000b\000l\000e\000\040\000p\000a\000i\000r\000i\000n\000g\000s}{subsection.2.9}% 89
\BOOKMARK [3][-]{subsubsection*.188}{\376\377\000R\000e\000l\000a\000x\000i\000n\000g\000\040\000t\000h\000e\000\040\000r\000e\000q\000u\000i\000r\000e\000m\000e\000n\000t\000\040\000f\000o\000r\000\040\000c\000o\000m\000p\000l\000e\000t\000e\000\040\000l\000i\000n\000e\000a\000r\000\040\000v\000o\000t\000i\000n\000g\000\040\000p\000r\000o\000f\000i\000l\000e\000s}{subsection.2.9}% 90
\BOOKMARK [3][-]{subsubsection*.189}{\376\377\000U\000s\000i\000n\000g\000\040\000C\000o\000p\000e\000l\000a\000n\000d\000\040\000s\000c\000o\000r\000e\000s\000\040\000f\000o\000r\000\040\000g\000u\000i\000d\000i\000n\000g\000\040\000t\000h\000e\000\040\000f\000a\000i\000r\000n\000e\000s\000s\000\040\000e\000n\000h\000a\000n\000c\000e\000m\000e\000n\000t}{subsection.2.9}% 91
\BOOKMARK [3][-]{subsubsection*.190}{\376\377\000S\000t\000a\000r\000t\000i\000n\000g\000\040\000t\000h\000e\000\040\000f\000a\000i\000r\000n\000e\000s\000s\000\040\000e\000n\000h\000a\000n\000c\000e\000m\000e\000n\000t\000\040\000f\000r\000o\000m\000\040\000a\000\040\000b\000e\000s\000t\000\040\000d\000e\000t\000e\000r\000m\000i\000n\000e\000d\000\040\000C\000o\000p\000e\000l\000a\000n\000d\000\040\000m\000a\000t\000c\000h\000i\000n\000g}{subsection.2.9}% 92
\BOOKMARK [2][-]{subsection.2.10}{\376\377\000O\000n\000\040\000c\000o\000m\000p\000u\000t\000i\000n\000g\000\040\000f\000a\000i\000r\000\040\000i\000n\000t\000r\000a\000g\000r\000o\000u\000p\000\040\000p\000a\000i\000r\000i\000n\000g\000s}{section.2}% 93
\BOOKMARK [3][-]{subsubsection*.196}{\376\377\000T\000h\000e\000\040\000f\000a\000i\000r\000\040\000i\000n\000t\000r\000a\000g\000r\000o\000u\000p\000\040\000p\000a\000i\000r\000i\000n\000g\000\040\000p\000r\000o\000b\000l\000e\000m}{subsection.2.10}% 94
\BOOKMARK [3][-]{subsubsection*.197}{\376\377\000G\000e\000n\000e\000r\000a\000t\000i\000n\000g\000\040\000r\000a\000n\000d\000o\000m\000\040\000i\000n\000t\000r\000a\000g\000r\000o\000u\000p\000\040\000b\000i\000p\000o\000l\000a\000r\000\040\000a\000p\000p\000r\000o\000v\000a\000l\000\040\000v\000o\000t\000i\000n\000g\000\040\000p\000r\000o\000f\000i\000l\000e\000s}{subsection.2.10}% 95
\BOOKMARK [3][-]{subsubsection*.198}{\376\377\000T\000h\000e\000\040\000s\000e\000t\000\040\000o\000f\000\040\000p\000o\000t\000e\000n\000t\000i\000a\000l\000\040\000\354\000n\000t\000r\000a\000g\000r\000o\000u\000p\000\040\000p\000a\000i\000r\000i\000n\000g\000\040\000d\000e\000c\000i\000s\000i\000o\000n\000s}{subsection.2.10}% 96
\BOOKMARK [3][-]{subsubsection*.201}{\376\377\000C\000o\000m\000p\000u\000t\000i\000n\000g\000\040\000t\000h\000e\000\040\000f\000a\000i\000r\000e\000s\000t\000\040\000i\000n\000t\000r\000a\000g\000r\000o\000u\000p\000\040\000p\000a\000i\000r\000i\000n\000g}{subsection.2.10}% 97
\BOOKMARK [3][-]{subsubsection*.203}{\376\377\000F\000a\000i\000r\000n\000e\000s\000s\000\040\000e\000n\000h\000a\000n\000c\000i\000n\000g\000\040\000o\000f\000\040\000a\000\040\000g\000i\000v\000e\000n\000\040\000p\000a\000i\000r\000i\000n\000g\000\040\000d\000e\000c\000i\000s\000i\000o\000n}{subsection.2.10}% 98
\BOOKMARK [1][-]{section.3}{\376\377\000E\000v\000a\000l\000u\000a\000t\000i\000o\000n\000\040\000a\000n\000d\000\040\000d\000e\000c\000i\000s\000i\000o\000n\000\040\000c\000a\000s\000e\000\040\000s\000t\000u\000d\000i\000e\000s}{}% 99
\BOOKMARK [2][-]{sphinxfootnotemark.12}{\376\377\000A\000l\000i\000c\000e\040\031\000s\000\040\000b\000e\000s\000t\000\040\000c\000h\000o\000i\000c\000e\000:\000\040\000A\000\040\000s\000e\000l\000e\000c\000t\000i\000o\000n\000\040\000c\000a\000s\000e\000\040\000s\000t\000u\000d\000y\000\040}{section.3}% 100
\BOOKMARK [3][-]{subsubsection*.215}{\376\377\000T\000h\000e\000\040\000d\000e\000c\000i\000s\000i\000o\000n\000\040\000p\000r\000o\000b\000l\000e\000m}{sphinxfootnotemark.12}% 101
\BOOKMARK [3][-]{subsubsection*.216}{\376\377\000T\000h\000e\000\040\000p\000e\000r\000f\000o\000r\000m\000a\000n\000c\000e\000\040\000t\000a\000b\000l\000e\000a\000u}{sphinxfootnotemark.12}% 102
\BOOKMARK [3][-]{subsubsection*.221}{\376\377\000B\000u\000i\000l\000d\000i\000n\000g\000\040\000a\000\040\000b\000e\000s\000t\000\040\000c\000h\000o\000i\000c\000e\000\040\000r\000e\000c\000o\000m\000m\000e\000n\000d\000a\000t\000i\000o\000n}{sphinxfootnotemark.12}% 103
\BOOKMARK [3][-]{subsubsection*.223}{\376\377\000R\000o\000b\000u\000s\000t\000n\000e\000s\000s\000\040\000a\000n\000a\000l\000y\000s\000i\000s}{sphinxfootnotemark.12}% 104
\BOOKMARK [2][-]{subsection.3.2}{\376\377\000T\000h\000e\000\040\000b\000e\000s\000t\000\040\000a\000c\000a\000d\000e\000m\000i\000c\000\040\000C\000o\000m\000p\000u\000t\000e\000r\000\040\000S\000c\000i\000e\000n\000c\000e\000\040\000D\000e\000p\000t\000s\000:\000\040\000a\000\040\000r\000a\000n\000k\000i\000n\000g\000\040\000c\000a\000s\000e\000\040\000s\000t\000u\000d\000y}{section.3}% 105
\BOOKMARK [3][-]{subsubsection*.230}{\376\377\000T\000h\000e\000\040\000T\000H\000E\000\040\000p\000e\000r\000f\000o\000r\000m\000a\000n\000c\000e\000\040\000t\000a\000b\000l\000e\000a\000u}{subsection.3.2}% 106
\BOOKMARK [3][-]{subsubsection*.235}{\376\377\000R\000a\000n\000k\000i\000n\000g\000\040\000w\000i\000t\000h\000\040\000m\000u\000l\000t\000i\000p\000l\000e\000\040\000i\000n\000c\000o\000m\000m\000e\000n\000s\000u\000r\000a\000b\000l\000e\000\040\000c\000r\000i\000t\000e\000r\000i\000a\000\040\000o\000f\000\040\000o\000r\000d\000i\000n\000a\000l\000\040\000s\000i\000g\000n\000i\000f\000i\000c\000a\000n\000c\000e}{subsection.3.2}% 107
\BOOKMARK [3][-]{subsubsection*.238}{\376\377\000H\000o\000w\000\040\000t\000o\000\040\000j\000u\000d\000g\000e\000\040\000t\000h\000e\000\040\000q\000u\000a\000l\000i\000t\000y\000\040\000o\000f\000\040\000a\000\040\000r\000a\000n\000k\000i\000n\000g\000\040\000r\000e\000s\000u\000l\000t\000?}{subsection.3.2}% 108
\BOOKMARK [2][-]{subsection.3.3}{\376\377\000T\000h\000e\000\040\000b\000e\000s\000t\000\040\000s\000t\000u\000d\000e\000n\000t\000s\000,\000\040\000w\000h\000e\000r\000e\000\040\000d\000o\000\040\000t\000h\000e\000y\000\040\000s\000t\000u\000d\000y\000?\000\040\000A\000\040\000r\000a\000t\000i\000n\000g\000\040\000c\000a\000s\000e\000\040\000s\000t\000u\000d\000y}{section.3}% 109
\BOOKMARK [3][-]{subsubsection*.246}{\376\377\000T\000h\000e\000\040\000p\000e\000r\000f\000o\000r\000m\000a\000n\000c\000e\000\040\000t\000a\000b\000l\000e\000a\000u}{subsection.3.3}% 110
\BOOKMARK [3][-]{subsubsection*.248}{\376\377\000R\000a\000t\000i\000n\000g\000-\000b\000y\000-\000r\000a\000n\000k\000i\000n\000g\000\040\000w\000i\000t\000h\000\040\000l\000o\000w\000e\000r\000-\000c\000l\000o\000s\000e\000d\000\040\000q\000u\000a\000n\000t\000i\000l\000e\000\040\000l\000i\000m\000i\000t\000s}{subsection.3.3}% 111
\BOOKMARK [3][-]{subsubsection*.252}{\376\377\000I\000n\000s\000p\000e\000c\000t\000i\000n\000g\000\040\000t\000h\000e\000\040\000b\000i\000p\000o\000l\000a\000r\000-\000v\000a\000l\000u\000e\000d\000\040\000o\000u\000t\000r\000a\000n\000k\000i\000n\000g\000\040\000d\000i\000g\000r\000a\000p\000h}{subsection.3.3}% 112
\BOOKMARK [3][-]{subsubsection*.254}{\376\377\000R\000a\000t\000i\000n\000g\000\040\000b\000y\000\040\000q\000u\000a\000n\000t\000i\000l\000e\000s\000\040\000s\000o\000r\000t\000i\000n\000g}{subsection.3.3}% 113
\BOOKMARK [3][-]{subsubsection*.255}{\376\377\000T\000o\000\040\000c\000o\000n\000c\000l\000u\000d\000e}{subsection.3.3}% 114
\BOOKMARK [2][-]{subsection.3.4}{\376\377\000C\000l\000a\000s\000s\000m\000a\000t\000e\000s\000\040\000m\000a\000t\000c\000h\000i\000n\000g\000:\000\040\000A\000n\000\040\000i\000n\000t\000r\000a\000g\000r\000o\000u\000p\000\040\000p\000a\000i\000r\000i\000n\000g\000\040\000c\000a\000s\000e\000\040\000s\000t\000u\000d\000y}{section.3}% 115
\BOOKMARK [3][-]{subsubsection*.260}{\376\377\000A\000\040\000c\000l\000a\000s\000s\000m\000a\000t\000e\000s\000\040\000m\000a\000t\000c\000h\000i\000n\000g\000\040\000p\000r\000o\000b\000l\000e\000m}{subsection.3.4}% 116
\BOOKMARK [3][-]{subsubsection*.261}{\376\377\000C\000o\000m\000p\000u\000t\000i\000n\000g\000\040\000a\000\040\000f\000a\000i\000r\000\040\000p\000a\000i\000r\000i\000n\000g\000\040\000s\000o\000l\000u\000t\000i\000o\000n}{subsection.3.4}% 117
\BOOKMARK [3][-]{subsubsection*.262}{\376\377\000U\000s\000i\000n\000g\000\040\000a\000\040\000f\000a\000i\000r\000n\000e\000s\000s\000\040\000e\000n\000h\000a\000n\000c\000i\000n\000g\000\040\000s\000o\000l\000v\000e\000r}{subsection.3.4}% 118
\BOOKMARK [3][-]{subsubsection*.263}{\376\377\000G\000u\000i\000d\000i\000n\000g\000\040\000t\000h\000e\000\040\000c\000h\000o\000i\000c\000e\000\040\000o\000f\000\040\000t\000h\000e\000\040\000i\000n\000i\000t\000i\000a\000l\000\040\000m\000a\000t\000c\000h\000i\000n\000g}{subsection.3.4}% 119
\BOOKMARK [2][-]{subsection.3.5}{\376\377\000F\000a\000i\000r\000e\000s\000t\000\040\000i\000n\000t\000e\000r\000n\000s\000h\000i\000p\000\040\000m\000a\000t\000c\000h\000i\000n\000g\000:\000\040\000A\000n\000\040\000i\000n\000t\000e\000r\000g\000r\000o\000u\000p\000\040\000p\000a\000i\000r\000i\000n\000g\000\040\000c\000a\000s\000e\000\040\000s\000t\000u\000d\000y}{section.3}% 120
\BOOKMARK [3][-]{subsubsection*.269}{\376\377\000A\000\040\000g\000r\000a\000d\000u\000a\000t\000e\000\040\000i\000n\000t\000e\000r\000n\000s\000h\000i\000p\000\040\000m\000a\000t\000c\000h\000i\000n\000g\000\040\000p\000r\000o\000b\000l\000e\000m}{subsection.3.5}% 121
\BOOKMARK [3][-]{subsubsection*.270}{\376\377\000C\000o\000m\000p\000u\000t\000i\000n\000g\000\040\000a\000\040\000f\000a\000i\000r\000\040\000m\000a\000t\000c\000h\000i\000n\000g}{subsection.3.5}% 122
\BOOKMARK [3][-]{subsubsection*.272}{\376\377\000U\000s\000i\000n\000g\000\040\000a\000\040\000f\000a\000i\000r\000n\000e\000s\000s\000\040\000e\000n\000h\000a\000n\000c\000i\000n\000g\000\040\000h\000e\000u\000r\000i\000s\000t\000i\000c}{subsection.3.5}% 123
\BOOKMARK [3][-]{subsubsection*.274}{\376\377\000U\000s\000i\000n\000g\000\040\000b\000i\000p\000o\000l\000a\000r\000\040\000a\000p\000p\000r\000o\000v\000a\000l\000-\000d\000i\000s\000a\000p\000p\000r\000o\000v\000a\000l\000\040\000v\000o\000t\000i\000n\000g\000\040\000p\000r\000o\000f\000i\000l\000e\000s}{subsection.3.5}% 124
\BOOKMARK [2][-]{subsection.3.6}{\376\377\000E\000x\000e\000r\000c\000i\000s\000e\000s}{section.3}% 125
\BOOKMARK [3][-]{subsubsection*.280}{\376\377\000W\000h\000o\000\040\000w\000i\000l\000l\000\040\000r\000e\000c\000e\000i\000v\000e\000\040\000t\000h\000e\000\040\000b\000e\000s\000t\000\040\000s\000t\000u\000d\000e\000n\000t\000\040\000a\000w\000a\000r\000d\000?\000\040\000\050\000\247\000\051}{subsection.3.6}% 126
\BOOKMARK [3][-]{subsubsection*.281}{\376\377\000H\000o\000w\000\040\000t\000o\000\040\000f\000a\000i\000r\000l\000y\000\040\000r\000a\000n\000k\000\040\000m\000o\000v\000i\000e\000s\000\040\000\050\000\247\000\051}{subsection.3.6}% 127
\BOOKMARK [3][-]{subsubsection*.282}{\376\377\000W\000h\000a\000t\000\040\000i\000s\000\040\000y\000o\000u\000r\000\040\000b\000e\000s\000t\000\040\000c\000h\000o\000i\000c\000e\000\040\000r\000e\000c\000o\000m\000m\000e\000n\000d\000a\000t\000i\000o\000n\000?\000\040\000\050\000\247\000\051}{subsection.3.6}% 128
\BOOKMARK [3][-]{subsubsection*.284}{\376\377\000W\000h\000a\000t\000\040\000i\000s\000\040\000t\000h\000e\000\040\000b\000e\000s\000t\000\040\000p\000u\000b\000l\000i\000c\000\040\000p\000o\000l\000i\000c\000y\000?\000\040\000\050\000\247\000\247\000\051}{subsection.3.6}% 129
\BOOKMARK [3][-]{subsubsection*.285}{\376\377\000A\000\040\000f\000a\000i\000r\000\040\000d\000i\000p\000l\000o\000m\000a\000\040\000v\000a\000l\000i\000d\000a\000t\000i\000o\000n\000\040\000d\000e\000c\000i\000s\000i\000o\000n\000\040\000\050\000\247\000\247\000\247\000\051}{subsection.3.6}% 130
\BOOKMARK [1][-]{section.4}{\376\377\000W\000o\000r\000k\000i\000n\000g\000\040\000w\000i\000t\000h\000\040\000b\000i\000g\000\040\000o\000u\000t\000r\000a\000n\000k\000i\000n\000g\000\040\000d\000i\000g\000r\000a\000p\000h\000s}{}% 131
\BOOKMARK [2][-]{subsection.4.1}{\376\377\000S\000p\000a\000r\000s\000e\000\040\000b\000i\000p\000o\000l\000a\000r\000-\000v\000a\000l\000u\000e\000d\000\040\000o\000u\000t\000r\000a\000n\000k\000i\000n\000g\000\040\000d\000i\000g\000r\000a\000p\000h\000s}{section.4}% 132
\BOOKMARK [3][-]{subsubsection*.291}{\376\377\000T\000h\000e\000\040\000s\000p\000a\000r\000s\000e\000\040\000p\000r\000e\000-\000r\000a\000n\000k\000e\000d\000\040\000o\000u\000t\000r\000a\000n\000k\000i\000n\000g\000\040\000d\000i\000g\000r\000a\000p\000h\000\040\000m\000o\000d\000e\000l}{subsection.4.1}% 133
\BOOKMARK [3][-]{subsubsection*.292}{\376\377\000R\000a\000n\000k\000i\000n\000g\000\040\000p\000r\000e\000-\000r\000a\000n\000k\000e\000d\000\040\000s\000p\000a\000r\000s\000e\000\040\000o\000u\000t\000r\000a\000n\000k\000i\000n\000g\000\040\000d\000i\000g\000r\000a\000p\000h\000s}{subsection.4.1}% 134
\BOOKMARK [2][-]{subsection.4.2}{\376\377\000U\000s\000i\000n\000g\000\040\000D\000i\000g\000r\000a\000p\000h\0003\000\040\000m\000u\000l\000t\000i\000p\000r\000o\000c\000e\000s\000s\000i\000n\000g\000\040\000r\000e\000s\000o\000u\000r\000c\000e\000s}{section.4}% 135
\BOOKMARK [3][-]{subsubsection*.296}{\376\377\000C\000o\000m\000p\000u\000t\000i\000n\000g\000\040\000w\000i\000t\000h\000\040\000m\000u\000l\000t\000i\000p\000l\000e\000\040\000t\000h\000r\000e\000a\000d\000s\000\040\000i\000n\000\040\000p\000a\000r\000a\000l\000l\000e\000l}{subsection.4.2}% 136
\BOOKMARK [3][-]{subsubsection*.298}{\376\377\000U\000s\000i\000n\000g\000\040\000t\000h\000e\000\040\000m\000p\000O\000u\000t\000r\000a\000n\000k\000i\000n\000g\000D\000i\000g\000r\000a\000p\000h\000s\000\040\000m\000o\000d\000u\000l\000e}{subsection.4.2}% 137
\BOOKMARK [3][-]{subsubsection*.299}{\376\377\000S\000e\000t\000t\000i\000n\000g\000\040\000t\000h\000e\000\040\000T\000h\000r\000e\000a\000d\000i\000n\000g\000\040\000p\000a\000r\000a\000m\000e\000t\000e\000r\000s}{subsection.4.2}% 138
\BOOKMARK [2][-]{subsection.4.3}{\376\377\000O\000n\000\040\000r\000a\000n\000k\000i\000n\000g\000\040\000b\000i\000g\000\040\000o\000u\000t\000r\000a\000n\000k\000i\000n\000g\000\040\000d\000i\000g\000r\000a\000p\000h\000s}{section.4}% 139
\BOOKMARK [3][-]{subsubsection*.307}{\376\377\000C\000-\000c\000o\000m\000p\000i\000l\000e\000d\000\040\000P\000y\000t\000h\000o\000n\000\040\000m\000o\000d\000u\000l\000e\000s}{subsection.4.3}% 140
\BOOKMARK [3][-]{subsubsection*.309}{\376\377\000B\000i\000g\000\040\000D\000a\000t\000a\000\040\000p\000e\000r\000f\000o\000r\000m\000a\000n\000c\000e\000\040\000t\000a\000b\000l\000e\000a\000u\000x}{subsection.4.3}% 141
\BOOKMARK [3][-]{subsubsection*.310}{\376\377\000C\000-\000i\000m\000p\000l\000e\000m\000e\000n\000t\000e\000d\000\040\000i\000n\000t\000e\000g\000e\000r\000-\000v\000a\000l\000u\000e\000d\000\040\000o\000u\000t\000r\000a\000n\000k\000i\000n\000g\000\040\000d\000i\000g\000r\000a\000p\000h\000s}{subsection.4.3}% 142
\BOOKMARK [3][-]{subsubsection*.311}{\376\377\000T\000h\000e\000\040\000s\000p\000a\000r\000s\000e\000\040\000o\000u\000t\000r\000a\000n\000k\000i\000n\000g\000\040\000d\000i\000g\000r\000a\000p\000h\000\040\000i\000m\000p\000l\000e\000m\000e\000n\000t\000a\000t\000i\000o\000n}{subsection.4.3}% 143
\BOOKMARK [3][-]{subsubsection*.312}{\376\377\000R\000a\000n\000k\000i\000n\000g\000\040\000b\000i\000g\000\040\000s\000e\000t\000s\000\040\000o\000f\000\040\000d\000e\000c\000i\000s\000i\000o\000n\000\040\000a\000l\000t\000e\000r\000n\000a\000t\000i\000v\000e\000s}{subsection.4.3}% 144
\BOOKMARK [1][-]{section.5}{\376\377\000H\000P\000C\000-\000R\000a\000n\000k\000i\000n\000g\000\040\000o\000f\000\040\000B\000i\000g\000\040\000S\000p\000a\000r\000s\000e\000\040\000O\000u\000t\000r\000a\000n\000k\000i\000n\000g\000\040\000D\000i\000g\000r\000a\000p\000h\000s}{}% 145
\BOOKMARK [2][-]{subsection.5.1}{\376\377\000O\000n\000\040\000a\000\040\000c\000o\000m\000m\000o\000n\000\040\0002\0000\0002\0003\000\040\000d\000e\000s\000k\000t\000o\000p\000\040\000c\000o\000m\000p\000u\000t\000e\000r}{section.5}% 146
\BOOKMARK [2][-]{subsection.5.2}{\376\377\000O\000n\000\040\000t\000h\000e\000\040\000H\000P\000C\000\040\000p\000l\000a\000t\000f\000o\000r\000m\000\040\000o\000f\000\040\000t\000h\000e\000\040\000U\000n\000i\000v\000e\000r\000s\000i\000t\000y\000\040\000o\000f\000\040\000L\000u\000x\000e\000m\000b\000o\000u\000r\000g\000\040\000\050\000S\000p\000r\000i\000n\000g\000\040\0002\0000\0001\0008\000\051}{section.5}% 147
\BOOKMARK [2][-]{sphinxfootnotemark.24}{\376\377\000O\000n\000\040\000t\000h\000e\000\040\000M\000e\000l\000u\000X\000i\000n\000a\000\040\000E\000u\000r\000o\000H\000P\000C\000\040\000s\000u\000p\000e\000r\000c\000o\000m\000p\000u\000t\000e\000r\000\040\000\050\000S\000u\000m\000m\000e\000r\000\040\0002\0000\0002\0004\000\051\000\040}{section.5}% 148
\BOOKMARK [1][-]{section.6}{\376\377\000M\000o\000v\000i\000n\000g\000\040\000o\000n\000\040\000t\000o\000\040\000u\000n\000d\000i\000r\000e\000c\000t\000e\000d\000\040\000g\000r\000a\000p\000h\000s}{}% 149
\BOOKMARK [2][-]{subsection.6.1}{\376\377\000W\000o\000r\000k\000i\000n\000g\000\040\000w\000i\000t\000h\000\040\000t\000h\000e\000\040\000g\000r\000a\000p\000h\000s\000\040\000m\000o\000d\000u\000l\000e}{section.6}% 150
\BOOKMARK [3][-]{subsubsection*.333}{\376\377\000S\000t\000r\000u\000c\000t\000u\000r\000e\000\040\000o\000f\000\040\000a\000\040\000G\000r\000a\000p\000h\000\040\000o\000b\000j\000e\000c\000t}{subsection.6.1}% 151
\BOOKMARK [3][-]{subsubsection*.334}{\376\377\000q\000-\000c\000o\000l\000o\000r\000i\000n\000g\000\040\000o\000f\000\040\000a\000\040\000g\000r\000a\000p\000h}{subsection.6.1}% 152
\BOOKMARK [3][-]{subsubsection*.335}{\376\377\000M\000I\000S\000\040\000a\000n\000d\000\040\000c\000l\000i\000q\000u\000e\000\040\000e\000n\000u\000m\000e\000r\000a\000t\000i\000o\000n}{subsection.6.1}% 153
\BOOKMARK [3][-]{subsubsection*.336}{\376\377\000L\000i\000n\000e\000\040\000g\000r\000a\000p\000h\000s\000\040\000a\000n\000d\000\040\000m\000a\000x\000i\000m\000a\000l\000\040\000m\000a\000t\000c\000h\000i\000n\000g\000s}{subsection.6.1}% 154
\BOOKMARK [3][-]{subsubsection*.337}{\376\377\000G\000r\000i\000d\000s\000\040\000a\000n\000d\000\040\000t\000h\000e\000\040\000I\000s\000i\000n\000g\000\040\000m\000o\000d\000e\000l}{subsection.6.1}% 155
\BOOKMARK [3][-]{subsubsection*.338}{\376\377\000S\000i\000m\000u\000l\000a\000t\000i\000n\000g\000\040\000M\000e\000t\000r\000o\000p\000o\000l\000i\000s\000\040\000r\000a\000n\000d\000o\000m\000\040\000w\000a\000l\000k\000s}{subsection.6.1}% 156
\BOOKMARK [2][-]{subsection.6.2}{\376\377\000C\000o\000m\000p\000u\000t\000i\000n\000g\000\040\000t\000h\000e\000\040\000n\000o\000n\000\040\000i\000s\000o\000m\000o\000r\000p\000h\000i\000c\000\040\000M\000I\000S\000s\000\040\000o\000f\000\040\000t\000h\000e\000\040\0001\0002\000-\000c\000y\000c\000l\000e\000\040\000g\000r\000a\000p\000h}{section.6}% 157
\BOOKMARK [3][-]{subsubsection*.343}{\376\377\000I\000n\000t\000r\000o\000d\000u\000c\000t\000i\000o\000n}{subsection.6.2}% 158
\BOOKMARK [3][-]{subsubsection*.344}{\376\377\000C\000o\000m\000p\000u\000t\000i\000n\000g\000\040\000t\000h\000e\000\040\000m\000a\000x\000i\000m\000a\000l\000\040\000i\000n\000d\000e\000p\000e\000n\000d\000e\000n\000t\000\040\000s\000e\000t\000s\000\040\000\050\000M\000I\000S\000s\000\051}{subsection.6.2}% 159
\BOOKMARK [3][-]{subsubsection*.346}{\376\377\000C\000o\000m\000p\000u\000t\000i\000n\000g\000\040\000t\000h\000e\000\040\000a\000u\000t\000o\000m\000o\000r\000p\000h\000i\000s\000m\000\040\000g\000r\000o\000u\000p}{subsection.6.2}% 160
\BOOKMARK [3][-]{subsubsection*.348}{\376\377\000C\000o\000m\000p\000u\000t\000i\000n\000g\000\040\000t\000h\000e\000\040\000i\000s\000o\000m\000o\000r\000p\000h\000i\000c\000\040\000M\000I\000S\000s}{subsection.6.2}% 161
\BOOKMARK [2][-]{subsection.6.3}{\376\377\000A\000b\000o\000u\000t\000\040\000c\000o\000m\000p\000a\000r\000a\000b\000i\000l\000i\000t\000y\000,\000\040\000s\000p\000l\000i\000t\000,\000\040\000i\000n\000t\000e\000r\000v\000a\000l\000\040\000a\000n\000d\000\040\000p\000e\000r\000m\000u\000t\000a\000t\000i\000o\000n\000\040\000g\000r\000a\000p\000h\000s}{section.6}% 162
\BOOKMARK [3][-]{subsubsection*.353}{\376\377\000A\000\040\000m\000u\000l\000t\000i\000p\000l\000y\000\040\000p\000e\000r\000f\000e\000c\000t\000\040\000g\000r\000a\000p\000h}{subsection.6.3}% 163
\BOOKMARK [3][-]{subsubsection*.354}{\376\377\000W\000h\000o\000\040\000i\000s\000\040\000t\000h\000e\000\040\000l\000i\000a\000r\000\040\000?}{subsection.6.3}% 164
\BOOKMARK [3][-]{subsubsection*.356}{\376\377\000G\000e\000n\000e\000r\000a\000t\000i\000n\000g\000\040\000p\000e\000r\000m\000u\000t\000a\000t\000i\000o\000n\000\040\000g\000r\000a\000p\000h\000s}{subsection.6.3}% 165
\BOOKMARK [3][-]{subsubsection*.357}{\376\377\000R\000e\000c\000o\000g\000n\000i\000z\000i\000n\000g\000\040\000p\000e\000r\000m\000u\000t\000a\000t\000i\000o\000n\000\040\000g\000r\000a\000p\000h\000s}{subsection.6.3}% 166
\BOOKMARK [2][-]{subsection.6.4}{\376\377\000O\000n\000\040\000t\000r\000e\000e\000\040\000g\000r\000a\000p\000h\000s\000\040\000a\000n\000d\000\040\000g\000r\000a\000p\000h\000\040\000f\000o\000r\000e\000s\000t\000s}{section.6}% 167
\BOOKMARK [3][-]{subsubsection*.362}{\376\377\000G\000e\000n\000e\000r\000a\000t\000i\000n\000g\000\040\000r\000a\000n\000d\000o\000m\000\040\000t\000r\000e\000e\000\040\000g\000r\000a\000p\000h\000s}{subsection.6.4}% 168
\BOOKMARK [3][-]{subsubsection*.363}{\376\377\000R\000e\000c\000o\000g\000n\000i\000z\000i\000n\000g\000\040\000t\000r\000e\000e\000\040\000g\000r\000a\000p\000h\000s}{subsection.6.4}% 169
\BOOKMARK [3][-]{subsubsection*.364}{\376\377\000S\000p\000a\000n\000n\000i\000n\000g\000\040\000t\000r\000e\000e\000s\000\040\000a\000n\000d\000\040\000f\000o\000r\000e\000s\000t\000s}{subsection.6.4}% 170
\BOOKMARK [3][-]{subsubsection*.366}{\376\377\000M\000a\000x\000i\000m\000u\000m\000\040\000d\000e\000t\000e\000r\000m\000i\000n\000e\000d\000\040\000s\000p\000a\000n\000n\000i\000n\000g\000\040\000f\000o\000r\000e\000s\000t\000s}{subsection.6.4}% 171
\BOOKMARK [1][-]{section.7}{\376\377\000A\000p\000p\000e\000n\000d\000i\000c\000e\000s}{}% 172
\BOOKMARK [1][-]{section.7}{\376\377\000R\000e\000f\000e\000r\000e\000n\000c\000e\000s}{}% 173
